{
    "@context": "\/api\/v2\/contexts\/ShippingMethod",
    "@id": "\/api\/v2\/admin\/shipping-methods\/UPS",
    "@type": "ShippingMethod",
    "zone": "\/api\/v2\/admin\/zones\/WORLD",
    "channels": [
        "\/api\/v2\/admin\/channels\/WEB"
    ],
    "id": @integer@,
    "code": "UPS",
    "position": 0,
    "calculator": "flat_rate",
    "configuration": {
        "WEB": {
            "amount": 500
        },
        "MOBILE": {
            "amount": 1000
        }
    },
    "rules": [
        {
            "@id": "\/api\/v2\/admin\/shipping-method-rules\/@integer@",
            "@type": "ShippingMethodRule",
            "id": @integer@,
            "type": "total_weight_greater_than_or_equal",
            "configuration": {
                "weight": 123
            }
        },
        {
            "@id": "\/api\/v2\/admin\/shipping-method-rules\/@integer@",
            "@type": "ShippingMethodRule",
            "id": @integer@,
            "type": "total_weight_less_than_or_equal",
            "configuration": {
                "weight": 123
            }
        },
        {
            "@id": "\/api\/v2\/admin\/shipping-method-rules\/@integer@",
            "@type": "ShippingMethodRule",
            "id": @integer@,
            "type": "order_total_greater_than_or_equal",
            "configuration": {
                "MOBILE": {
                    "amount": 123
                },
                "WEB": {
                    "amount": 123
                }
            }
        },
        {
            "@id": "\/api\/v2\/admin\/shipping-method-rules\/@integer@",
            "@type": "ShippingMethodRule",
            "id": @integer@,
            "type": "order_total_less_than_or_equal",
            "configuration": {
                "MOBILE": {
                    "amount": 123
                },
                "WEB": {
                    "amount": 123
                }
            }
        }
    ],
    "createdAt": "@date@",
    "updatedAt": "@date@",
    "enabled": true,
    "translations": {
        "en_US": {
            "@id": "\/api\/v2\/admin\/shipping-method-translations\/@integer@",
            "@type": "ShippingMethodTranslation",
            "id": @integer@,
            "name": "UPS",
            "description": @string@
        }
    }
}
