{
    "@context": "\/api\/v2\/contexts\/ShippingMethod",
    "@id": "\/api\/v2\/admin\/shipping-methods\/UPS",
    "@type": "ShippingMethod",
    "zone": "\/api\/v2\/admin\/zones\/WORLD",
    "channels": [
        "\/api\/v2\/admin\/channels\/WEB"
    ],
    "id": @integer@,
    "code": "UPS",
    "position": 0,
    "calculator": "per_unit_rate",
    "configuration": {
        "WEB": {
            "amount": 500
        },
        "MOBILE": {
            "amount": 1000
        }
    },
    "rules": [],
    "createdAt": "@date@",
    "updatedAt": "@date@",
    "enabled": true,
    "translations": {
        "en_US": {
            "@id": "\/api\/v2\/admin\/shipping-method-translations\/@integer@",
            "@type": "ShippingMethodTranslation",
            "id": @integer@,
            "name": "UPS",
            "description": @string@
        }
    }
}
