{
    "@context": "\/api\/v2\/contexts\/ConstraintViolationList",
    "@type": "ConstraintViolationList",
    "hydra:title": "An error occurred",
    "hydra:description": "rules[0].configuration[weight]: This value should be of type numeric.\nrules[1].configuration[weight]: This value should be of type numeric.\nrules[2].configuration[WEB][amount]: This value should be of type numeric.\nrules[2].configuration[MOBILE][amount]: This value should be of type numeric.\nrules[3].configuration[WEB][amount]: This value should be of type numeric.\nrules[3].configuration[MOBILE][amount]: This value should be of type numeric.",
    "violations": [
        {
            "propertyPath": "rules[0].configuration[weight]",
            "message": "This value should be of type numeric.",
            "code": "ba785a8c-82cb-4283-967c-3cf342181b40"
        },
        {
            "propertyPath": "rules[1].configuration[weight]",
            "message": "This value should be of type numeric.",
            "code": "ba785a8c-82cb-4283-967c-3cf342181b40"
        },
        {
            "propertyPath": "rules[2].configuration[WEB][amount]",
            "message": "This value should be of type numeric.",
            "code": "ba785a8c-82cb-4283-967c-3cf342181b40"
        },
        {
            "propertyPath": "rules[2].configuration[MOBILE][amount]",
            "message": "This value should be of type numeric.",
            "code": "ba785a8c-82cb-4283-967c-3cf342181b40"
        },
        {
            "propertyPath": "rules[3].configuration[WEB][amount]",
            "message": "This value should be of type numeric.",
            "code": "ba785a8c-82cb-4283-967c-3cf342181b40"
        },
        {
            "propertyPath": "rules[3].configuration[MOBILE][amount]",
            "message": "This value should be of type numeric.",
            "code": "ba785a8c-82cb-4283-967c-3cf342181b40"
        }
    ]
}
