{
    "@context": "\/api\/v2\/contexts\/Error",
    "@type": "hydra:Error",
    "hydra:title": "An error occurred",
    "hydra:description": "The channel cannot be deleted. At least one enabled channel is required."
}
