{
    "@context": "\/api\/v2\/contexts\/Channel",
    "@id": "\/api\/v2\/admin\/channels\/WEB",
    "@type": "Channel",
    "code": "WEB",
    "name": "Web Store",
    "enabled": true,
    "baseCurrency": "\/api\/v2\/admin\/currencies\/USD",
    "defaultLocale": "\/api\/v2\/admin\/locales\/en_US",
    "defaultTaxZone": null,
    "taxCalculationStrategy": "order_items_based",
    "currencies": [],
    "locales": [
      "\/api\/v2\/admin\/locales\/en_US"
    ],
    "countries": [],
    "themeName": null,
    "contactEmail": "web@sylius.com",
    "contactPhoneNumber": null,
    "skippingShippingStepAllowed": false,
    "skippingPaymentStepAllowed": false,
    "accountVerificationRequired": false,
    "shippingAddressInCheckoutRequired": true,
    "shopBillingData": "\/api\/v2\/admin\/shop-billing-datas\/@integer@",
    "menuTaxon": null,
    "description": "different description",
    "hostname": "updated-hostname.com",
    "color": "blue",
    "channelPriceHistoryConfig": "\/api\/v2\/admin\/channel-price-history-configs\/@integer@"
}
