{
    "@context": "\/api\/v2\/contexts\/Error",
    "@type": "hydra:Error",
    "hydra:title": "An error occurred",
    "hydra:description": "Translation in the default locale \"en_US\" cannot be removed."
}
