{
    "@context": "/api/v2/contexts/Order",
    "@id": "/api/v2/admin/orders",
    "@type": "hydra:Collection",
    "hydra:member": [
        {
            "@id": "/api/v2/admin/adjustments/@integer@",
            "@type": "Adjustment",
            "id": @integer@,
            "order": "/api/v2/admin/orders/nAWw2jewpA",
            "type": "shipping",
            "label": "UPS",
            "amount": 500,
            "neutral": false,
            "locked": false
        }
    ],
    "hydra:totalItems": 1
}
