{
    "@id": "\/api\/v2\/admin\/addresses\/@integer@",
    "@context": "\/api\/v2\/contexts\/Address",
    "@type": "Address",
    "customer": "\/api\/v2\/admin\/customers\/@integer@",
    "id": "@integer@",
    "firstName": "Updated: Julia",
    "lastName": "Updated: Kowalska",
    "company": "Updated: Błysk",
    "street": "Updated: Marszałkowska 10",
    "countryCode": "Updated: PL",
    "city": "Updated: Warszawa",
    "postcode": "Updated: 00-001",
    "phoneNumber": "Updated: 48222333444",
    "provinceCode": "Updated: PL-MA",
    "provinceName": "Updated: mazowieckie"
}
