{
    "@context": "\/api\/v2\/contexts\/TaxonImage",
    "@id": "\/api\/v2\/admin\/taxon-images",
    "@type": "hydra:Collection",
    "hydra:member": [
        {
            "@id": "\/api\/v2\/admin\/taxon-images\/@integer@",
            "@type": "TaxonImage",
            "id": "@integer@",
            "owner": "\/api\/v2\/admin\/taxons\/CATEGORY",
            "type": "thumbnail",
            "path": "@string@\/thumbnail.jpg"
        },
        {
            "@id": "\/api\/v2\/admin\/taxon-images\/@integer@",
            "@type": "TaxonImage",
            "id": "@integer@",
            "owner": "\/api\/v2\/admin\/taxons\/CATEGORY",
            "type": "banner",
            "path": "@string@\/banner.jpg"
        }
    ],
    "hydra:totalItems": 2
}
