{
    "@context": "\/api\/v2\/contexts\/ConstraintViolationList",
    "@type": "ConstraintViolationList",
    "hydra:title": "An error occurred",
    "hydra:description": "endsAt: End date cannot be set prior start date.",
    "violations": [
        {
            "propertyPath": "endsAt",
            "message": "End date cannot be set prior start date.",
            "code": null
        }
    ]
}
