{
    "@context": "\/api\/v2\/contexts\/Address",
    "@id": "\/api\/v2\/shop\/addresses",
    "@type": "hydra:Collection",
    "hydra:member": [
        {
            "@type": "AddressLogEntry",
            "action": "create",
            "version": 1,
            "data": {
                "firstName": "John",
                "lastName": "Doe",
                "phoneNumber": "123456789",
                "street": "Green Avenue",
                "company": "CocaCola",
                "city": "New York",
                "postcode": "00000",
                "countryCode": "US",
                "provinceCode": "999",
                "provinceName": "east"
            },
            "logged_at": @date@
        }
    ],
    "hydra:totalItems": 1
}
