{
    "@context": "\/api\/v2\/contexts\/Address",
    "@id": "\/api\/v2\/admin\/addresses\/@integer@",
    "@type": "Address",
    "customer": "\/api\/v2\/admin\/customers\/@integer@",
    "id": @integer@,
    "firstName": "John",
    "lastName": "Doe",
    "phoneNumber": "123456789",
    "company": "CocaCola",
    "countryCode": "US",
    "provinceCode": "999",
    "provinceName": "east",
    "street": "Green Avenue",
    "city": "New York",
    "postcode": "00000"
}
