{
    "@context": "\/api\/v2\/contexts\/Address",
    "@id": "\/api\/v2\/admin\/addresses\/@integer@",
    "@type": "Address",
    "customer": "\/api\/v2\/admin\/customers\/@integer@",
    "id": @integer@,
    "firstName": "Finley",
    "lastName": "Ward",
    "phoneNumber": "01639 644902",
    "company": "Company",
    "countryCode": "UK",
    "provinceCode": "WGM",
    "provinceName": "West Glamorgan",
    "street": "New Henry St",
    "city": "Neath",
    "postcode": "SA11 1PH"
}
