{
    "@context": "\/api\/v2\/contexts\/ProductImage",
    "@id": "\/api\/v2\/admin\/product-images",
    "@type": "hydra:Collection",
    "hydra:member": [
        {
            "@id": "\/api\/v2\/admin\/product-images\/@integer@",
            "@type": "ProductImage",
            "id": "@integer@",
            "owner": "\/api\/v2\/admin\/products\/MUG",
            "type": "thumbnail",
            "path": "@string@\/thumbnail.jpg",
            "productVariants": ["\/api\/v2\/admin\/product-variants\/MUG_BLUE"]
        }
    ],
    "hydra:totalItems": 1,
    "hydra:view": {
        "@id": "\/api\/v2\/admin\/product-images?productVariants=MUG_BLUE",
        "@type": "hydra:PartialCollectionView"
    },
    "hydra:search": {
        "@type": "hydra:IriTemplate",
        "hydra:template": "\/api\/v2\/admin\/product-images{?productVariants,productVariants[]}",
        "hydra:variableRepresentation": "BasicRepresentation",
        "hydra:mapping": [
            {
                "@type": "IriTemplateMapping",
                "variable": "productVariants",
                "property": "productVariants",
                "required": false
            },
            {
                "@type": "IriTemplateMapping",
                "variable": "productVariants[]",
                "property": "productVariants",
                "required": false
            }
        ]
    }
}
