{
    "@context": "\/api\/v2\/contexts\/ProductImage",
    "@id": "\/api\/v2\/admin\/products/MUG/images",
    "@type": "hydra:Collection",
    "hydra:member": [
        {
            "@id": "\/api\/v2\/admin\/product-images\/@integer@",
            "@type": "ProductImage",
            "id": "@integer@",
            "owner": "\/api\/v2\/admin\/products\/MUG",
            "type": "thumbnail",
            "path": "@string@\/thumbnail.jpg",
            "productVariants": ["\/api\/v2\/admin\/product-variants\/MUG_BLUE"]
        }
    ],
    "hydra:totalItems": 1
}
