{
    "@context": "\/api\/v2\/contexts\/ProductImage",
    "@id": "\/api\/v2\/admin\/product-images\/@integer@",
    "@type": "ProductImage",
    "id": "@integer@",
    "owner": "\/api\/v2\/admin\/products\/MUG",
    "type": null,
    "path": "@string@\/mugs.jpg",
    "productVariants": []
}
